// Jest Snapshot v1, https://goo.gl/fbAQLP

exports[`ServicesList should match the snapshot after data has been loaded 1`] = `
Array [
  Array [
    <nav
      aria-label="Breadcrumbs"
      role="navigation"
    >
      <ol
        className="breadcrumbs"
      >
        <li
          className="breadcrumbs__crumb"
        >
          <a
            href="/overview"
            onClick={[Function]}
          >
            Administration
          </a>
        </li>
        <li
          className="breadcrumbs__crumb"
        >
          <span>
            Services
          </span>
        </li>
      </ol>
    </nav>,
    <script
      dangerouslySetInnerHTML={
        Object {
          "__html": "{
  \\"@context\\": \\"http://schema.org\\",
  \\"@type\\": \\"BreadcrumbList\\",
  \\"itemListElement\\": [
    {
      \\"@type\\": \\"ListItem\\",
      \\"position\\": 1,
      \\"item\\": {
        \\"@id\\": \\"/overview\\",
        \\"name\\": \\"Administration\\"
      }
    },
    {
      \\"@type\\": \\"ListItem\\",
      \\"position\\": 2,
      \\"item\\": {
        \\"name\\": \\"Services\\"
      }
    }
  ]
}",
        }
      }
      type="application/ld+json"
    />,
  ],
  <div
    className="page-header"
  >
    <h1
      className="page-header__heading"
    >
      Services
    </h1>
  </div>,
  <div
    className="grid"
  >
    <div
      data-g="12 md:3"
    >
      <div
        className="panel"
      >
        <div
          className="input"
        >
          <label
            className="input__label"
            htmlFor="filter-search"
          >
            Filter by service name or URL
          </label>
          <input
            autoComplete="off"
            className="input__input"
            data-qa-sel="filter-search-input"
            id="filter-search"
            name="filter-search"
            onChange={[Function]}
            type="search"
            unique="filterSearch"
          />
        </div>
      </div>
      <div
        className="filter-panel-hide-heading"
      >
        <form>
          <div
            className="filter-panel"
          >
            <h2
              className="filter-panel__heading"
            >
              <button
                aria-controls="filter-panel-body"
                aria-expanded={true}
                onClick={[Function]}
                type="button"
              >
                <svg
                  aria-hidden={true}
                  className="filter-panel__heading-icon filter-panel__heading-icon--expanded"
                  fill="none"
                  focusable="false"
                  height="1em"
                  viewBox="0 0 512 512"
                  width="1em"
                  xmlns="http://www.w3.org/2000/svg"
                >
                  <path
                    d="M478.152 174c0 10.091-3.525 18.661-10.576 25.712l-186 186c-7.243 7.243-15.909 10.864-26 10.864-10.283 0-18.853-3.621-25.712-10.864l-186-186C36.621 192.853 33 184.283 33 174c0-10.091 3.621-18.757 10.864-26L65 126.576C72.424 119.525 81.09 116 91 116c10.091 0 18.661 3.525 25.712 10.576L255.576 265.44 394.44 126.576c7.051-7.051 15.621-10.576 25.712-10.576 9.909 0 18.576 3.525 26 10.576L467.576 148c7.051 7.424 10.576 16.091 10.576 26z"
                    fill="currentColor"
                  />
                </svg>
              </button>
            </h2>
            <div
              aria-hidden={false}
              className="filter-panel__body"
              id="filter-panel-body"
            >
              <div
                className="filter-group"
              >
                <h3
                  className="filter-group__heading"
                >
                  <button
                    aria-controls="group-environments"
                    aria-expanded={true}
                    onClick={[Function]}
                    type="button"
                  >
                    <svg
                      aria-hidden={true}
                      className="filter-group__heading-icon filter-group__heading-icon--expanded"
                      fill="none"
                      focusable="false"
                      height="1em"
                      viewBox="0 0 512 512"
                      width="1em"
                      xmlns="http://www.w3.org/2000/svg"
                    >
                      <path
                        d="M478.152 174c0 10.091-3.525 18.661-10.576 25.712l-186 186c-7.243 7.243-15.909 10.864-26 10.864-10.283 0-18.853-3.621-25.712-10.864l-186-186C36.621 192.853 33 184.283 33 174c0-10.091 3.621-18.757 10.864-26L65 126.576C72.424 119.525 81.09 116 91 116c10.091 0 18.661 3.525 25.712 10.576L255.576 265.44 394.44 126.576c7.051-7.051 15.621-10.576 25.712-10.576 9.909 0 18.576 3.525 26 10.576L467.576 148c7.051 7.424 10.576 16.091 10.576 26z"
                        fill="currentColor"
                      />
                    </svg>
                    <span
                      id="group-heading-environments"
                    >
                      Environments
                       
                    </span>
                  </button>
                </h3>
                <fieldset
                  aria-hidden={false}
                  className="filter-group__options"
                  id="group-environments"
                >
                  <legend>
                    Environments
                  </legend>
                  <label
                    className="filter-option"
                    htmlFor="filter_environments_alpha"
                  >
                    <input
                      checked={false}
                      id="filter_environments_alpha"
                      name="environments"
                      onChange={[Function]}
                      title="Environments - Alpha"
                      type="checkbox"
                      value="Alpha"
                    />
                    <span
                      className="filter-option__text"
                    >
                      Alpha
                    </span>
                  </label>
                  <label
                    className="filter-option"
                    htmlFor="filter_environments_test"
                  >
                    <input
                      checked={false}
                      id="filter_environments_test"
                      name="environments"
                      onChange={[Function]}
                      title="Environments - Test"
                      type="checkbox"
                      value="Test"
                    />
                    <span
                      className="filter-option__text"
                    >
                      Test
                    </span>
                  </label>
                  <label
                    className="filter-option"
                    htmlFor="filter_environments_dev"
                  >
                    <input
                      checked={false}
                      id="filter_environments_dev"
                      name="environments"
                      onChange={[Function]}
                      title="Environments - Dev"
                      type="checkbox"
                      value="Dev"
                    />
                    <span
                      className="filter-option__text"
                    >
                      Dev
                    </span>
                  </label>
                </fieldset>
              </div>
            </div>
          </div>
        </form>
      </div>
    </div>
    <div
      aria-busy={false}
      data-g="12 md:9"
    >
      <h2
        className="servicesListSummary"
        data-qa-sel="services-returned"
      >
        Showing 5 services
      </h2>
      <ul
        className="list--unstyled"
        data-qa-sel="list-of-websites"
      >
        <li>
          <article
            className="card"
          >
            Array [
              <header
                className="card__header"
              >
                <p
                  className="card__heading"
                >
                  Comment Collection
                </p>
              </header>,
              <dl
                className="card__metadata"
              >
                <div
                  className="card__metadatum"
                >
                  <dd>
                    <span
                      className="tag tag--alpha"
                      data-qa-sel="environment-alpha"
                    >
                      Alpha
                    </span>
                  </dd>
                </div>
                <div
                  className="card__metadatum"
                >
                  <dt
                    className="visually-hidden"
                  >
                    Website
                  </dt>
                  <dd>
                    alpha-comments.nice.org.uk
                  </dd>
                </div>
              </dl>,
            ]
          </article>
        </li>
        <li>
          <article
            className="card"
          >
            Array [
              <header
                className="card__header"
              >
                <p
                  className="card__heading"
                >
                  EPPI Reviewer
                </p>
              </header>,
              <dl
                className="card__metadata"
              >
                <div
                  className="card__metadatum"
                >
                  <dd>
                    <span
                      className="tag tag--new"
                      data-qa-sel="environment-test"
                    >
                      Test
                    </span>
                  </dd>
                </div>
                <div
                  className="card__metadatum"
                >
                  <dt
                    className="visually-hidden"
                  >
                    Website
                  </dt>
                  <dd>
                    test-eppi.nice.org.uk
                  </dd>
                </div>
              </dl>,
            ]
          </article>
        </li>
        <li>
          <article
            className="card"
          >
            Array [
              <header
                className="card__header"
              >
                <p
                  className="card__heading"
                >
                  Idam Docker
                </p>
              </header>,
              <dl
                className="card__metadata"
              >
                <div
                  className="card__metadatum"
                >
                  <dd>
                    <span
                      className="tag tag--new"
                      data-qa-sel="environment-test"
                    >
                      Test
                    </span>
                  </dd>
                </div>
                <div
                  className="card__metadatum"
                >
                  <dt
                    className="visually-hidden"
                  >
                    Website
                  </dt>
                  <dd>
                    test-idam
                  </dd>
                </div>
              </dl>,
            ]
          </article>
        </li>
        <li>
          <article
            className="card"
          >
            Array [
              <header
                className="card__header"
              >
                <p
                  className="card__heading"
                >
                  Comment Collection
                </p>
              </header>,
              <dl
                className="card__metadata"
              >
                <div
                  className="card__metadatum"
                >
                  <dd>
                    <span
                      className="tag tag--updated"
                      data-qa-sel="environment-dev"
                    >
                      Dev
                    </span>
                  </dd>
                </div>
                <div
                  className="card__metadatum"
                >
                  <dt
                    className="visually-hidden"
                  >
                    Website
                  </dt>
                  <dd>
                    dev-comments.nice.org.uk
                  </dd>
                </div>
              </dl>,
            ]
          </article>
        </li>
        <li>
          <article
            className="card"
          >
            Array [
              <header
                className="card__header"
              >
                <p
                  className="card__heading"
                >
                  EPPI Reviewer
                </p>
              </header>,
              <dl
                className="card__metadata"
              >
                <div
                  className="card__metadatum"
                >
                  <dd>
                    <span
                      className="tag tag--updated"
                      data-qa-sel="environment-dev"
                    >
                      Dev
                    </span>
                  </dd>
                </div>
                <div
                  className="card__metadatum"
                >
                  <dt
                    className="visually-hidden"
                  >
                    Website
                  </dt>
                  <dd>
                    dev-eppi.nice.org.uk
                  </dd>
                </div>
              </dl>,
            ]
          </article>
        </li>
      </ul>
      <div
        className="flex flexAlignCenter"
      >
        <div
          className="mr--e"
          data-qa-sel="number-of-results-on-page"
        >
          <label
            className="bold mr--c"
            htmlFor="itemsPerPage"
          >
            Items per page
          </label>
          <select
            data-qa-sel="result-on-the-page-index"
            id="itemsPerPage"
            name="itemsPerPage"
            onChange={[Function]}
            value="all"
          >
            <option
              value="25"
            >
              25
            </option>
            <option
              value="50"
            >
              50
            </option>
            <option
              value="all"
            >
              All
            </option>
          </select>
        </div>
      </div>
    </div>
  </div>,
]
`;

exports[`ServicesList should show error message when fetch returns 401 error 1`] = `
Array [
  Array [
    <nav
      aria-label="Breadcrumbs"
      role="navigation"
    >
      <ol
        className="breadcrumbs"
      >
        <li
          className="breadcrumbs__crumb"
        >
          <a
            href="/overview"
            onClick={[Function]}
          >
            Administration
          </a>
        </li>
        <li
          className="breadcrumbs__crumb"
        >
          <span>
            Services
          </span>
        </li>
      </ol>
    </nav>,
    <script
      dangerouslySetInnerHTML={
        Object {
          "__html": "{
  \\"@context\\": \\"http://schema.org\\",
  \\"@type\\": \\"BreadcrumbList\\",
  \\"itemListElement\\": [
    {
      \\"@type\\": \\"ListItem\\",
      \\"position\\": 1,
      \\"item\\": {
        \\"@id\\": \\"/overview\\",
        \\"name\\": \\"Administration\\"
      }
    },
    {
      \\"@type\\": \\"ListItem\\",
      \\"position\\": 2,
      \\"item\\": {
        \\"name\\": \\"Services\\"
      }
    }
  ]
}",
        }
      }
      type="application/ld+json"
    />,
  ],
  <div
    className="page-header"
  >
    <h1
      className="page-header__heading"
    >
      Services
    </h1>
  </div>,
  <div
    className="alert alert--error"
  >
    <h2>
      Whoops
    </h2>
    <p>
      Sorry, there's been an error!
    </p>
  </div>,
]
`;

exports[`ServicesList should show error message when fetch returns 500 error 1`] = `
Array [
  Array [
    <nav
      aria-label="Breadcrumbs"
      role="navigation"
    >
      <ol
        className="breadcrumbs"
      >
        <li
          className="breadcrumbs__crumb"
        >
          <a
            href="/overview"
            onClick={[Function]}
          >
            Administration
          </a>
        </li>
        <li
          className="breadcrumbs__crumb"
        >
          <span>
            Services
          </span>
        </li>
      </ol>
    </nav>,
    <script
      dangerouslySetInnerHTML={
        Object {
          "__html": "{
  \\"@context\\": \\"http://schema.org\\",
  \\"@type\\": \\"BreadcrumbList\\",
  \\"itemListElement\\": [
    {
      \\"@type\\": \\"ListItem\\",
      \\"position\\": 1,
      \\"item\\": {
        \\"@id\\": \\"/overview\\",
        \\"name\\": \\"Administration\\"
      }
    },
    {
      \\"@type\\": \\"ListItem\\",
      \\"position\\": 2,
      \\"item\\": {
        \\"name\\": \\"Services\\"
      }
    }
  ]
}",
        }
      }
      type="application/ld+json"
    />,
  ],
  <div
    className="page-header"
  >
    <h1
      className="page-header__heading"
    >
      Services
    </h1>
  </div>,
  <div
    className="alert alert--error"
  >
    <h2>
      Whoops
    </h2>
    <p>
      Sorry, there's been an error!
    </p>
  </div>,
]
`;
