// Jest Snapshot v1, https://goo.gl/fbAQLP

exports[`SelectEnvironment should match the snapshot after data has been loaded 1`] = `
<Fragment>
  <Breadcrumbs>
    <Breadcrumb
      data-qa-sel="breadcrumb-administration-link"
      elementType={
        Object {
          "$$typeof": Symbol(react.forward_ref),
          "propTypes": Object {
            "innerRef": [Function],
            "onClick": [Function],
            "replace": [Function],
            "target": [Function],
            "to": [Function],
          },
          "render": [Function],
        }
      }
      to="/"
    >
      Administration
    </Breadcrumb>
    <Breadcrumb
      data-qa-sel="breadcrumb-user-link"
      elementType={
        Object {
          "$$typeof": Symbol(react.forward_ref),
          "propTypes": Object {
            "innerRef": [Function],
            "onClick": [Function],
            "replace": [Function],
            "target": [Function],
            "to": [Function],
          },
          "render": [Function],
        }
      }
      to="/users"
    >
      Users
    </Breadcrumb>
    <Breadcrumb
      elementType={
        Object {
          "$$typeof": Symbol(react.forward_ref),
          "propTypes": Object {
            "innerRef": [Function],
            "onClick": [Function],
            "replace": [Function],
            "target": [Function],
            "to": [Function],
          },
          "render": [Function],
        }
      }
      to="/users/1"
    >
      Kristin Patrick
    </Breadcrumb>
    <Breadcrumb
      elementType={
        Object {
          "$$typeof": Symbol(react.forward_ref),
          "propTypes": Object {
            "innerRef": [Function],
            "onClick": [Function],
            "replace": [Function],
            "target": [Function],
            "to": [Function],
          },
          "render": [Function],
        }
      }
      to="/users/1/services"
    >
      Select service
    </Breadcrumb>
    <Breadcrumb>
      Select environment
    </Breadcrumb>
  </Breadcrumbs>
  <PageHeader
    heading="EPPI Reviewer"
    preheading="Select environment for"
  />
  <Grid
    elementType="div"
    equalHeight={false}
    gutter="standard"
    horizontalAlignment="left"
    reverse={false}
    verticalAlignment="top"
  >
    <GridItem
      cols={8}
    >
      <StackedNav
        aria-label="Environments"
      >
        <StackedNavLink
          destination="/1/roles"
          elementType={
            Object {
              "$$typeof": Symbol(react.forward_ref),
              "propTypes": Object {
                "innerRef": [Function],
                "onClick": [Function],
                "replace": [Function],
                "target": [Function],
                "to": [Function],
              },
              "render": [Function],
            }
          }
        >
          dev
        </StackedNavLink>
        <StackedNavLink
          destination="/2/roles"
          elementType={
            Object {
              "$$typeof": Symbol(react.forward_ref),
              "propTypes": Object {
                "innerRef": [Function],
                "onClick": [Function],
                "replace": [Function],
                "target": [Function],
                "to": [Function],
              },
              "render": [Function],
            }
          }
        >
          test
        </StackedNavLink>
      </StackedNav>
    </GridItem>
  </Grid>
</Fragment>
`;
