// Jest Snapshot v1, https://goo.gl/fbAQLP

exports[`should match the snapshot after data has been loaded 1`] = `
<div>
  <nav
    aria-label="Breadcrumbs"
    role="navigation"
  >
    <ol
      class="breadcrumbs"
    >
      <li
        class="breadcrumbs__crumb"
      >
        <a
          href="/overview"
        >
          Administration
        </a>
      </li>
      <li
        class="breadcrumbs__crumb"
      >
        <span>
          Users
        </span>
      </li>
    </ol>
  </nav>
  <script
    type="application/ld+json"
  >
    {
  "@context": "http://schema.org",
  "@type": "BreadcrumbList",
  "itemListElement": [
    {
      "@type": "ListItem",
      "position": 1,
      "item": {
        "@id": "/overview",
        "name": "Administration"
      }
    },
    {
      "@type": "ListItem",
      "position": 2,
      "item": {
        "name": "Users"
      }
    }
  ]
}
  </script>
  <div
    class="page-header"
  >
    <h1
      class="page-header__heading "
    >
      Users
    </h1>
  </div>
  <div
    class="grid"
  >
    <div
      data-g="12 md:3"
    >
      <div
        class="panel"
      >
        <div
          class="input"
        >
          <label
            class="input__label"
            for="filter-search"
          >
            Filter by name or email address
          </label>
          <input
            autocomplete="off"
            class="input__input"
            data-qa-sel="filter-search-input"
            id="filter-search"
            name="filter-search"
            type="search"
            unique="filterSearch"
            value=""
          />
        </div>
      </div>
      <div
        class="filter-panel-hide-heading"
      >
        <form>
          <div
            class="filter-panel"
          >
            <h2
              class="filter-panel__heading"
            >
              <button
                aria-controls="filter-panel-body"
                aria-expanded="true"
                type="button"
              >
                <svg
                  aria-hidden="true"
                  class="filter-panel__heading-icon filter-panel__heading-icon--expanded"
                  fill="none"
                  focusable="false"
                  height="1em"
                  viewBox="0 0 512 512"
                  width="1em"
                  xmlns="http://www.w3.org/2000/svg"
                >
                  <path
                    d="M478.152 174c0 10.091-3.525 18.661-10.576 25.712l-186 186c-7.243 7.243-15.909 10.864-26 10.864-10.283 0-18.853-3.621-25.712-10.864l-186-186C36.621 192.853 33 184.283 33 174c0-10.091 3.621-18.757 10.864-26L65 126.576C72.424 119.525 81.09 116 91 116c10.091 0 18.661 3.525 25.712 10.576L255.576 265.44 394.44 126.576c7.051-7.051 15.621-10.576 25.712-10.576 9.909 0 18.576 3.525 26 10.576L467.576 148c7.051 7.424 10.576 16.091 10.576 26Z"
                    fill="currentColor"
                  />
                </svg>
              </button>
            </h2>
            <div
              aria-hidden="false"
              class="filter-panel__body"
              id="filter-panel-body"
            >
              <div
                class="filter-group"
              >
                <h3
                  class="filter-group__heading"
                >
                  <button
                    aria-controls="group-status"
                    aria-expanded="true"
                    type="button"
                  >
                    <svg
                      aria-hidden="true"
                      class="filter-group__heading-icon filter-group__heading-icon--expanded"
                      fill="none"
                      focusable="false"
                      height="1em"
                      viewBox="0 0 512 512"
                      width="1em"
                      xmlns="http://www.w3.org/2000/svg"
                    >
                      <path
                        d="M478.152 174c0 10.091-3.525 18.661-10.576 25.712l-186 186c-7.243 7.243-15.909 10.864-26 10.864-10.283 0-18.853-3.621-25.712-10.864l-186-186C36.621 192.853 33 184.283 33 174c0-10.091 3.621-18.757 10.864-26L65 126.576C72.424 119.525 81.09 116 91 116c10.091 0 18.661 3.525 25.712 10.576L255.576 265.44 394.44 126.576c7.051-7.051 15.621-10.576 25.712-10.576 9.909 0 18.576 3.525 26 10.576L467.576 148c7.051 7.424 10.576 16.091 10.576 26Z"
                        fill="currentColor"
                      />
                    </svg>
                    <span
                      id="group-heading-status"
                    >
                      Status
                       
                    </span>
                  </button>
                </h3>
                <fieldset
                  aria-hidden="false"
                  class="filter-group__options"
                  id="group-status"
                >
                  <legend>
                    Status
                  </legend>
                  <label
                    class="filter-option"
                    for="filter_status_active"
                  >
                    <input
                      id="filter_status_active"
                      name="status"
                      title="Status - Active"
                      type="checkbox"
                      value="Active"
                    />
                    <span
                      class="filter-option__text"
                    >
                      Active
                    </span>
                  </label>
                  <label
                    class="filter-option"
                    for="filter_status_pending"
                  >
                    <input
                      id="filter_status_pending"
                      name="status"
                      title="Status - Pending"
                      type="checkbox"
                      value="Pending"
                    />
                    <span
                      class="filter-option__text"
                    >
                      Pending
                    </span>
                  </label>
                  <label
                    class="filter-option"
                    for="filter_status_locked"
                  >
                    <input
                      id="filter_status_locked"
                      name="status"
                      title="Status - Locked"
                      type="checkbox"
                      value="Locked"
                    />
                    <span
                      class="filter-option__text"
                    >
                      Locked
                    </span>
                  </label>
                </fieldset>
              </div>
            </div>
          </div>
        </form>
      </div>
      <div
        class="filter-panel-hide-heading"
      >
        <form>
          <div
            class="filter-panel"
          >
            <h2
              class="filter-panel__heading"
            >
              <button
                aria-controls="filter-panel-body"
                aria-expanded="true"
                type="button"
              >
                <svg
                  aria-hidden="true"
                  class="filter-panel__heading-icon filter-panel__heading-icon--expanded"
                  fill="none"
                  focusable="false"
                  height="1em"
                  viewBox="0 0 512 512"
                  width="1em"
                  xmlns="http://www.w3.org/2000/svg"
                >
                  <path
                    d="M478.152 174c0 10.091-3.525 18.661-10.576 25.712l-186 186c-7.243 7.243-15.909 10.864-26 10.864-10.283 0-18.853-3.621-25.712-10.864l-186-186C36.621 192.853 33 184.283 33 174c0-10.091 3.621-18.757 10.864-26L65 126.576C72.424 119.525 81.09 116 91 116c10.091 0 18.661 3.525 25.712 10.576L255.576 265.44 394.44 126.576c7.051-7.051 15.621-10.576 25.712-10.576 9.909 0 18.576 3.525 26 10.576L467.576 148c7.051 7.424 10.576 16.091 10.576 26Z"
                    fill="currentColor"
                  />
                </svg>
              </button>
            </h2>
            <div
              aria-hidden="false"
              class="filter-panel__body"
              id="filter-panel-body"
            >
              <div
                class="filter-group"
              >
                <h3
                  class="filter-group__heading"
                >
                  <button
                    aria-controls="group-dev"
                    aria-expanded="true"
                    type="button"
                  >
                    <svg
                      aria-hidden="true"
                      class="filter-group__heading-icon filter-group__heading-icon--expanded"
                      fill="none"
                      focusable="false"
                      height="1em"
                      viewBox="0 0 512 512"
                      width="1em"
                      xmlns="http://www.w3.org/2000/svg"
                    >
                      <path
                        d="M478.152 174c0 10.091-3.525 18.661-10.576 25.712l-186 186c-7.243 7.243-15.909 10.864-26 10.864-10.283 0-18.853-3.621-25.712-10.864l-186-186C36.621 192.853 33 184.283 33 174c0-10.091 3.621-18.757 10.864-26L65 126.576C72.424 119.525 81.09 116 91 116c10.091 0 18.661 3.525 25.712 10.576L255.576 265.44 394.44 126.576c7.051-7.051 15.621-10.576 25.712-10.576 9.909 0 18.576 3.525 26 10.576L467.576 148c7.051 7.424 10.576 16.091 10.576 26Z"
                        fill="currentColor"
                      />
                    </svg>
                    <span
                      id="group-heading-dev"
                    >
                      Dev
                       
                    </span>
                  </button>
                </h3>
                <fieldset
                  aria-hidden="false"
                  class="filter-group__options"
                  id="group-dev"
                >
                  <legend>
                    Dev
                  </legend>
                  <label
                    class="filter-option"
                    for="filter_dev_3"
                  >
                    <input
                      id="filter_dev_3"
                      name="dev"
                      title="Dev - Comment Collection"
                      type="checkbox"
                      value="3"
                    />
                    <span
                      class="filter-option__text"
                    >
                      Comment Collection
                    </span>
                  </label>
                  <label
                    class="filter-option"
                    for="filter_dev_1"
                  >
                    <input
                      id="filter_dev_1"
                      name="dev"
                      title="Dev - EPPI Reviewer"
                      type="checkbox"
                      value="1"
                    />
                    <span
                      class="filter-option__text"
                    >
                      EPPI Reviewer
                    </span>
                  </label>
                </fieldset>
              </div>
            </div>
          </div>
        </form>
      </div>
      <div
        class="filter-panel-hide-heading"
      >
        <form>
          <div
            class="filter-panel"
          >
            <h2
              class="filter-panel__heading"
            >
              <button
                aria-controls="filter-panel-body"
                aria-expanded="true"
                type="button"
              >
                <svg
                  aria-hidden="true"
                  class="filter-panel__heading-icon filter-panel__heading-icon--expanded"
                  fill="none"
                  focusable="false"
                  height="1em"
                  viewBox="0 0 512 512"
                  width="1em"
                  xmlns="http://www.w3.org/2000/svg"
                >
                  <path
                    d="M478.152 174c0 10.091-3.525 18.661-10.576 25.712l-186 186c-7.243 7.243-15.909 10.864-26 10.864-10.283 0-18.853-3.621-25.712-10.864l-186-186C36.621 192.853 33 184.283 33 174c0-10.091 3.621-18.757 10.864-26L65 126.576C72.424 119.525 81.09 116 91 116c10.091 0 18.661 3.525 25.712 10.576L255.576 265.44 394.44 126.576c7.051-7.051 15.621-10.576 25.712-10.576 9.909 0 18.576 3.525 26 10.576L467.576 148c7.051 7.424 10.576 16.091 10.576 26Z"
                    fill="currentColor"
                  />
                </svg>
              </button>
            </h2>
            <div
              aria-hidden="false"
              class="filter-panel__body"
              id="filter-panel-body"
            >
              <div
                class="filter-group"
              >
                <h3
                  class="filter-group__heading"
                >
                  <button
                    aria-controls="group-test"
                    aria-expanded="true"
                    type="button"
                  >
                    <svg
                      aria-hidden="true"
                      class="filter-group__heading-icon filter-group__heading-icon--expanded"
                      fill="none"
                      focusable="false"
                      height="1em"
                      viewBox="0 0 512 512"
                      width="1em"
                      xmlns="http://www.w3.org/2000/svg"
                    >
                      <path
                        d="M478.152 174c0 10.091-3.525 18.661-10.576 25.712l-186 186c-7.243 7.243-15.909 10.864-26 10.864-10.283 0-18.853-3.621-25.712-10.864l-186-186C36.621 192.853 33 184.283 33 174c0-10.091 3.621-18.757 10.864-26L65 126.576C72.424 119.525 81.09 116 91 116c10.091 0 18.661 3.525 25.712 10.576L255.576 265.44 394.44 126.576c7.051-7.051 15.621-10.576 25.712-10.576 9.909 0 18.576 3.525 26 10.576L467.576 148c7.051 7.424 10.576 16.091 10.576 26Z"
                        fill="currentColor"
                      />
                    </svg>
                    <span
                      id="group-heading-test"
                    >
                      Test
                       
                    </span>
                  </button>
                </h3>
                <fieldset
                  aria-hidden="false"
                  class="filter-group__options"
                  id="group-test"
                >
                  <legend>
                    Test
                  </legend>
                  <label
                    class="filter-option"
                    for="filter_test_2"
                  >
                    <input
                      id="filter_test_2"
                      name="test"
                      title="Test - EPPI Reviewer"
                      type="checkbox"
                      value="2"
                    />
                    <span
                      class="filter-option__text"
                    >
                      EPPI Reviewer
                    </span>
                  </label>
                  <label
                    class="filter-option"
                    for="filter_test_5"
                  >
                    <input
                      id="filter_test_5"
                      name="test"
                      title="Test - Idam Docker"
                      type="checkbox"
                      value="5"
                    />
                    <span
                      class="filter-option__text"
                    >
                      Idam Docker
                    </span>
                  </label>
                </fieldset>
              </div>
            </div>
          </div>
        </form>
      </div>
      <div
        class="filter-panel-hide-heading"
      >
        <form>
          <div
            class="filter-panel"
          >
            <h2
              class="filter-panel__heading"
            >
              <button
                aria-controls="filter-panel-body"
                aria-expanded="true"
                type="button"
              >
                <svg
                  aria-hidden="true"
                  class="filter-panel__heading-icon filter-panel__heading-icon--expanded"
                  fill="none"
                  focusable="false"
                  height="1em"
                  viewBox="0 0 512 512"
                  width="1em"
                  xmlns="http://www.w3.org/2000/svg"
                >
                  <path
                    d="M478.152 174c0 10.091-3.525 18.661-10.576 25.712l-186 186c-7.243 7.243-15.909 10.864-26 10.864-10.283 0-18.853-3.621-25.712-10.864l-186-186C36.621 192.853 33 184.283 33 174c0-10.091 3.621-18.757 10.864-26L65 126.576C72.424 119.525 81.09 116 91 116c10.091 0 18.661 3.525 25.712 10.576L255.576 265.44 394.44 126.576c7.051-7.051 15.621-10.576 25.712-10.576 9.909 0 18.576 3.525 26 10.576L467.576 148c7.051 7.424 10.576 16.091 10.576 26Z"
                    fill="currentColor"
                  />
                </svg>
              </button>
            </h2>
            <div
              aria-hidden="false"
              class="filter-panel__body"
              id="filter-panel-body"
            >
              <div
                class="filter-group"
              >
                <h3
                  class="filter-group__heading"
                >
                  <button
                    aria-controls="group-alpha"
                    aria-expanded="true"
                    type="button"
                  >
                    <svg
                      aria-hidden="true"
                      class="filter-group__heading-icon filter-group__heading-icon--expanded"
                      fill="none"
                      focusable="false"
                      height="1em"
                      viewBox="0 0 512 512"
                      width="1em"
                      xmlns="http://www.w3.org/2000/svg"
                    >
                      <path
                        d="M478.152 174c0 10.091-3.525 18.661-10.576 25.712l-186 186c-7.243 7.243-15.909 10.864-26 10.864-10.283 0-18.853-3.621-25.712-10.864l-186-186C36.621 192.853 33 184.283 33 174c0-10.091 3.621-18.757 10.864-26L65 126.576C72.424 119.525 81.09 116 91 116c10.091 0 18.661 3.525 25.712 10.576L255.576 265.44 394.44 126.576c7.051-7.051 15.621-10.576 25.712-10.576 9.909 0 18.576 3.525 26 10.576L467.576 148c7.051 7.424 10.576 16.091 10.576 26Z"
                        fill="currentColor"
                      />
                    </svg>
                    <span
                      id="group-heading-alpha"
                    >
                      Alpha
                       
                    </span>
                  </button>
                </h3>
                <fieldset
                  aria-hidden="false"
                  class="filter-group__options"
                  id="group-alpha"
                >
                  <legend>
                    Alpha
                  </legend>
                  <label
                    class="filter-option"
                    for="filter_alpha_4"
                  >
                    <input
                      id="filter_alpha_4"
                      name="alpha"
                      title="Alpha - Comment Collection"
                      type="checkbox"
                      value="4"
                    />
                    <span
                      class="filter-option__text"
                    >
                      Comment Collection
                    </span>
                  </label>
                </fieldset>
              </div>
            </div>
          </div>
        </form>
      </div>
    </div>
    <div
      aria-busy="false"
      data-g="12 md:9"
    >
      <h2
        class="usersListSummary"
        data-qa-sel="users-returned"
      >
        Showing 4 users
      </h2>
      <ul
        aria-label="users"
        class="list--unstyled"
        data-qa-sel="list-of-users"
      >
        <li>
          <article
            class="card"
          >
            <header
              class="card__header"
            >
              <p
                class="card__heading"
              >
                <a
                  href="/users/1"
                >
                  Kristin Patrick
                </a>
              </p>
            </header>
            <dl
              class="card__metadata"
            >
              <div
                class="card__metadatum"
              >
                <dd>
                  <span
                    class="tag tag--consultation"
                    data-qa-sel="user-status"
                  >
                    Active
                  </span>
                </dd>
              </div>
              <div
                class="card__metadatum"
              >
                <dt
                  class="visually-hidden"
                >
                  Email address
                </dt>
                <dd>
                  kristin.patrick@example.com
                </dd>
              </div>
            </dl>
          </article>
        </li>
        <li>
          <article
            class="card"
          >
            <header
              class="card__header"
            >
              <p
                class="card__heading"
              >
                <a
                  href="/users/2"
                >
                  Thomas Holding
                </a>
              </p>
            </header>
            <dl
              class="card__metadata"
            >
              <div
                class="card__metadatum"
              >
                <dd>
                  <span
                    class="tag tag--consultation"
                    data-qa-sel="user-status"
                  >
                    Active
                  </span>
                </dd>
              </div>
              <div
                class="card__metadatum"
              >
                <dt
                  class="visually-hidden"
                >
                  Email address
                </dt>
                <dd>
                  thomas.holding@example.com
                </dd>
              </div>
            </dl>
          </article>
        </li>
        <li>
          <article
            class="card"
          >
            <header
              class="card__header"
            >
              <p
                class="card__heading"
              >
                <a
                  href="/users/3"
                >
                  Aisha Bartlett
                </a>
              </p>
            </header>
            <dl
              class="card__metadata"
            >
              <div
                class="card__metadatum"
              >
                <dd>
                  <span
                    class="tag tag--consultation"
                    data-qa-sel="user-status"
                  >
                    Active
                  </span>
                </dd>
              </div>
              <div
                class="card__metadatum"
              >
                <dt
                  class="visually-hidden"
                >
                  Email address
                </dt>
                <dd>
                  aisha.bartlett@example.com
                </dd>
              </div>
            </dl>
          </article>
        </li>
        <li>
          <article
            class="card"
          >
            <header
              class="card__header"
            >
              <p
                class="card__heading"
              >
                <a
                  href="/users/4"
                >
                  Theo Bradford
                </a>
              </p>
            </header>
            <dl
              class="card__metadata"
            >
              <div
                class="card__metadatum"
              >
                <dd>
                  <span
                    class="tag"
                    data-qa-sel="user-status"
                  >
                    Locked
                  </span>
                </dd>
              </div>
              <div
                class="card__metadatum"
              >
                <dt
                  class="visually-hidden"
                >
                  Email address
                </dt>
                <dd>
                  theo.bradford@example.com
                </dd>
              </div>
            </dl>
          </article>
        </li>
      </ul>
      <div
        class="flex flexAlignCenter"
      >
        <div
          class="mr--e"
          data-qa-sel="number-of-results-on-page"
        >
          <label
            class="bold mr--c"
            for="itemsPerPage"
          >
            Items per page
          </label>
          <select
            data-qa-sel="result-on-the-page-index"
            id="itemsPerPage"
            name="itemsPerPage"
          >
            <option
              value="25"
            >
              25
            </option>
            <option
              value="50"
            >
              50
            </option>
            <option
              value="all"
            >
              All
            </option>
          </select>
        </div>
      </div>
    </div>
  </div>
</div>
`;

exports[`should show error message when fetch returns 401 error 1`] = `
<div>
  <nav
    aria-label="Breadcrumbs"
    role="navigation"
  >
    <ol
      class="breadcrumbs"
    >
      <li
        class="breadcrumbs__crumb"
      >
        <a
          href="/overview"
        >
          Administration
        </a>
      </li>
      <li
        class="breadcrumbs__crumb"
      >
        <span>
          Users
        </span>
      </li>
    </ol>
  </nav>
  <script
    type="application/ld+json"
  >
    {
  "@context": "http://schema.org",
  "@type": "BreadcrumbList",
  "itemListElement": [
    {
      "@type": "ListItem",
      "position": 1,
      "item": {
        "@id": "/overview",
        "name": "Administration"
      }
    },
    {
      "@type": "ListItem",
      "position": 2,
      "item": {
        "name": "Users"
      }
    }
  ]
}
  </script>
  <div
    class="page-header"
  >
    <h1
      class="page-header__heading "
    >
      Error
    </h1>
  </div>
  <div
    class="alert alert--error"
    role="alert"
  >
    <h2>
      Whoops
    </h2>
    <p>
      Sorry, there's been an error!
    </p>
  </div>
</div>
`;

exports[`should show error message when fetch returns 500 error 1`] = `
<div>
  <nav
    aria-label="Breadcrumbs"
    role="navigation"
  >
    <ol
      class="breadcrumbs"
    >
      <li
        class="breadcrumbs__crumb"
      >
        <a
          href="/overview"
        >
          Administration
        </a>
      </li>
      <li
        class="breadcrumbs__crumb"
      >
        <span>
          Users
        </span>
      </li>
    </ol>
  </nav>
  <script
    type="application/ld+json"
  >
    {
  "@context": "http://schema.org",
  "@type": "BreadcrumbList",
  "itemListElement": [
    {
      "@type": "ListItem",
      "position": 1,
      "item": {
        "@id": "/overview",
        "name": "Administration"
      }
    },
    {
      "@type": "ListItem",
      "position": 2,
      "item": {
        "name": "Users"
      }
    }
  ]
}
  </script>
  <div
    class="page-header"
  >
    <h1
      class="page-header__heading "
    >
      Error
    </h1>
  </div>
  <div
    class="alert alert--error"
    role="alert"
  >
    <h2>
      Whoops
    </h2>
    <p>
      Sorry, there's been an error!
    </p>
  </div>
</div>
`;

exports[`should show error message when fetch websites returns 401 error 1`] = `
<div>
  <nav
    aria-label="Breadcrumbs"
    role="navigation"
  >
    <ol
      class="breadcrumbs"
    >
      <li
        class="breadcrumbs__crumb"
      >
        <a
          href="/overview"
        >
          Administration
        </a>
      </li>
      <li
        class="breadcrumbs__crumb"
      >
        <span>
          Users
        </span>
      </li>
    </ol>
  </nav>
  <script
    type="application/ld+json"
  >
    {
  "@context": "http://schema.org",
  "@type": "BreadcrumbList",
  "itemListElement": [
    {
      "@type": "ListItem",
      "position": 1,
      "item": {
        "@id": "/overview",
        "name": "Administration"
      }
    },
    {
      "@type": "ListItem",
      "position": 2,
      "item": {
        "name": "Users"
      }
    }
  ]
}
  </script>
  <div
    class="page-header"
  >
    <h1
      class="page-header__heading "
    >
      Error
    </h1>
  </div>
  <div
    class="alert alert--error"
    role="alert"
  >
    <h2>
      Whoops
    </h2>
    <p>
      Sorry, there's been an error!
    </p>
  </div>
</div>
`;

exports[`should show error message when fetch websites returns 500 error 1`] = `
<div>
  <nav
    aria-label="Breadcrumbs"
    role="navigation"
  >
    <ol
      class="breadcrumbs"
    >
      <li
        class="breadcrumbs__crumb"
      >
        <a
          href="/overview"
        >
          Administration
        </a>
      </li>
      <li
        class="breadcrumbs__crumb"
      >
        <span>
          Users
        </span>
      </li>
    </ol>
  </nav>
  <script
    type="application/ld+json"
  >
    {
  "@context": "http://schema.org",
  "@type": "BreadcrumbList",
  "itemListElement": [
    {
      "@type": "ListItem",
      "position": 1,
      "item": {
        "@id": "/overview",
        "name": "Administration"
      }
    },
    {
      "@type": "ListItem",
      "position": 2,
      "item": {
        "name": "Users"
      }
    }
  ]
}
  </script>
  <div
    class="page-header"
  >
    <h1
      class="page-header__heading "
    >
      Error
    </h1>
  </div>
  <div
    class="alert alert--error"
    role="alert"
  >
    <h2>
      Whoops
    </h2>
    <p>
      Sorry, there's been an error!
    </p>
  </div>
</div>
`;
