// Jest Snapshot v1, https://goo.gl/fbAQLP

exports[`EditOrganisation should match the snapshot on load 1`] = `
Array [
  Array [
    <nav
      aria-label="Breadcrumbs"
      role="navigation"
    >
      <ol
        className="breadcrumbs"
      >
        <li
          className="breadcrumbs__crumb"
        >
          <a
            href="/overview"
            onClick={[Function]}
          >
            Administration
          </a>
        </li>
        <li
          className="breadcrumbs__crumb"
        >
          <a
            href="/organisations"
            onClick={[Function]}
          >
            Organisations
          </a>
        </li>
        <li
          className="breadcrumbs__crumb"
        >
          <a
            href="/organisations/1"
            onClick={[Function]}
          >
            Org 1
          </a>
        </li>
        <li
          className="breadcrumbs__crumb"
        >
          <span>
            Edit organisation
          </span>
        </li>
      </ol>
    </nav>,
    <script
      dangerouslySetInnerHTML={
        Object {
          "__html": "{
  \\"@context\\": \\"http://schema.org\\",
  \\"@type\\": \\"BreadcrumbList\\",
  \\"itemListElement\\": [
    {
      \\"@type\\": \\"ListItem\\",
      \\"position\\": 1,
      \\"item\\": {
        \\"@id\\": \\"/overview\\",
        \\"name\\": \\"Administration\\"
      }
    },
    {
      \\"@type\\": \\"ListItem\\",
      \\"position\\": 2,
      \\"item\\": {
        \\"@id\\": \\"/organisations\\",
        \\"name\\": \\"Organisations\\"
      }
    },
    {
      \\"@type\\": \\"ListItem\\",
      \\"position\\": 3,
      \\"item\\": {
        \\"@id\\": \\"/organisations/1\\",
        \\"name\\": \\"Org 1\\"
      }
    },
    {
      \\"@type\\": \\"ListItem\\",
      \\"position\\": 4,
      \\"item\\": {
        \\"name\\": \\"Edit organisation\\"
      }
    }
  ]
}",
        }
      }
      type="application/ld+json"
    />,
  ],
  <div
    className="page-header"
  >
    <h1
      className="page-header__heading"
    >
      Edit organisation
    </h1>
  </div>,
  <div
    className="grid"
  >
    <div
      data-g="12 md:6 lg:4"
    >
      <form
        noValidate={true}
        onSubmit={[Function]}
      >
        <div
          className="input"
        >
          <label
            className="input__label"
            htmlFor="orgName"
          >
            Organisation name
          </label>
          <input
            autoComplete="off"
            className="input__input"
            data-qa-sel="name-input-edit-organisation"
            disabled={false}
            id="orgName"
            maxLength="100"
            minLength="2"
            name="orgName"
            onBlur={[Function]}
            onChange={[Function]}
            pattern="^((?![<>]).)*$"
            required={true}
            type="text"
            value="Org 1"
          />
        </div>
        <button
          className="btn btn--cta"
          data-qa-sel="save-button-edit-organisation"
          disabled={false}
          type="submit"
        >
          Save changes
        </button>
        <a
          className="btn btn--secondary"
          disabled={false}
          href="/organisations/1"
          onClick={[Function]}
        >
          Cancel
        </a>
      </form>
    </div>
  </div>,
]
`;
