// Jest Snapshot v1, https://goo.gl/fbAQLP

exports[`AddOrganisation should match the snapshot on load 1`] = `
<Fragment>
  <Breadcrumbs>
    <Breadcrumb
      elementType={
        Object {
          "$$typeof": Symbol(react.forward_ref),
          "propTypes": Object {
            "innerRef": [Function],
            "onClick": [Function],
            "replace": [Function],
            "target": [Function],
            "to": [Function],
          },
          "render": [Function],
        }
      }
      to="/overview"
    >
      Administration
    </Breadcrumb>
    <Breadcrumb
      elementType={
        Object {
          "$$typeof": Symbol(react.forward_ref),
          "propTypes": Object {
            "innerRef": [Function],
            "onClick": [Function],
            "replace": [Function],
            "target": [Function],
            "to": [Function],
          },
          "render": [Function],
        }
      }
      to="/organisations"
    >
      Organisations
    </Breadcrumb>
    <Breadcrumb>
      Add organisation
    </Breadcrumb>
  </Breadcrumbs>
  <PageHeader
    heading="Add organisation"
  />
  <Grid
    elementType="div"
    equalHeight={false}
    gutter="standard"
    horizontalAlignment="left"
    reverse={false}
    verticalAlignment="top"
  >
    <GridItem
      cols={12}
      lg={4}
      md={6}
    >
      <form
        noValidate={true}
        onSubmit={[Function]}
      >
        <Input
          autoComplete="off"
          className="mb--e"
          data-qa-sel="name-input-add-organisation"
          disabled={false}
          error={false}
          errorMessage="Organisation name should be alphanumeric and be between 2-100 characters"
          label="Organisation name"
          maxLength="100"
          minLength="2"
          name="orgName"
          onBlur={[Function]}
          onChange={[Function]}
          pattern="^((?![<>]).)*$"
          placeholder="Add organisation name"
          required={true}
          type="text"
          value=""
        />
        <Button
          data-qa-sel="save-button-add-organisation"
          disabled={false}
          type="submit"
          variant="cta"
        >
          Save organisation
        </Button>
        <Button
          disabled={false}
          elementType={
            Object {
              "$$typeof": Symbol(react.forward_ref),
              "propTypes": Object {
                "innerRef": [Function],
                "onClick": [Function],
                "replace": [Function],
                "target": [Function],
                "to": [Function],
              },
              "render": [Function],
            }
          }
          to="/organisations"
          variant="secondary"
        >
          Cancel
        </Button>
      </form>
    </GridItem>
  </Grid>
</Fragment>
`;
