// Jest Snapshot v1, https://goo.gl/fbAQLP

exports[`should match the snapshot after data has been loaded 1`] = `
<div>
  <nav
    aria-label="Breadcrumbs"
    role="navigation"
  >
    <ol
      class="breadcrumbs"
    >
      <li
        class="breadcrumbs__crumb"
      >
        <a
          href="/overview"
        >
          Administration
        </a>
      </li>
      <li
        class="breadcrumbs__crumb"
      >
        <span>
          Organisations
        </span>
      </li>
    </ol>
  </nav>
  <script
    type="application/ld+json"
  >
    {
  "@context": "http://schema.org",
  "@type": "BreadcrumbList",
  "itemListElement": [
    {
      "@type": "ListItem",
      "position": 1,
      "item": {
        "@id": "/overview",
        "name": "Administration"
      }
    },
    {
      "@type": "ListItem",
      "position": 2,
      "item": {
        "name": "Organisations"
      }
    }
  ]
}
  </script>
  <div
    class="page-header mb--d"
  >
    <h1
      class="page-header__heading "
    >
      Organisations
    </h1>
  </div>
  <div
    class="grid"
  >
    <div
      data-g="12"
    >
      <a
        class="btn btn--cta mb--e"
        data-qa-sel="add-organisation"
        href="/organisations/add"
      >
        Add organisation
      </a>
    </div>
    <div
      data-g="12 md:3"
    >
      <div
        class="panel"
      >
        <div
          class="input"
        >
          <label
            class="input__label"
            for="filter-search"
          >
            Filter by organisation name
          </label>
          <input
            autocomplete="off"
            class="input__input"
            data-qa-sel="filter-search-input"
            id="filter-search"
            name="filter-search"
            type="search"
            unique="filterSearch"
            value=""
          />
        </div>
      </div>
    </div>
    <div
      aria-busy="true"
      data-g="12 md:9"
    >
      <div
        class="text-right"
      >
        <ul
          class="list list--piped"
        >
          <li>
            <span
              class="pv--c pr--c"
            >
              A - Z
            </span>
          </li>
          <li>
            <a
              data-qa-sel="sort-alpha-desc"
              href="/?sort=alpha-desc"
            >
              Z - A
            </a>
          </li>
          <li>
            <a
              data-qa-sel="sort-date-asc"
              href="/?sort=date-asc"
            >
              Date ascending
            </a>
          </li>
          <li>
            <a
              data-qa-sel="sort-date-desc"
              href="/?sort=date-desc"
            >
              Date descending
            </a>
          </li>
        </ul>
      </div>
      <h2
        class="paginationText"
        data-qa-sel="organisations-returned"
      >
        Showing 4 organisations
      </h2>
      <ul
        aria-label="organisations"
        class="list--unstyled"
        data-qa-sel="list-of-organisations"
      >
        <li>
          <article
            class="card"
          >
            <header
              class="card__header"
            >
              <p
                class="card__heading"
              >
                <a
                  href="/organisations/1001"
                >
                  NICE
                </a>
              </p>
            </header>
            <dl
              class="card__metadata"
            >
              <div
                class="card__metadatum"
              >
                <dt
                  class="visually-hidden"
                >
                  Date created
                </dt>
                <dd>
                  1 December 2021 00:00
                </dd>
              </div>
            </dl>
          </article>
        </li>
        <li>
          <article
            class="card"
          >
            <header
              class="card__header"
            >
              <p
                class="card__heading"
              >
                <a
                  href="/organisations/1003"
                >
                  Org 1
                </a>
              </p>
            </header>
            <dl
              class="card__metadata"
            >
              <div
                class="card__metadatum"
              >
                <dt
                  class="visually-hidden"
                >
                  Date created
                </dt>
                <dd>
                  11 January 2022 13:13
                </dd>
              </div>
            </dl>
          </article>
        </li>
        <li>
          <article
            class="card"
          >
            <header
              class="card__header"
            >
              <p
                class="card__heading"
              >
                <a
                  href="/organisations/1004"
                >
                  Org 2
                </a>
              </p>
            </header>
            <dl
              class="card__metadata"
            >
              <div
                class="card__metadatum"
              >
                <dt
                  class="visually-hidden"
                >
                  Date created
                </dt>
                <dd>
                  12 January 2022 13:14
                </dd>
              </div>
            </dl>
          </article>
        </li>
        <li>
          <article
            class="card"
          >
            <header
              class="card__header"
            >
              <p
                class="card__heading"
              >
                <a
                  href="/organisations/1005"
                >
                  Org 3
                </a>
              </p>
            </header>
            <dl
              class="card__metadata"
            >
              <div
                class="card__metadatum"
              >
                <dt
                  class="visually-hidden"
                >
                  Date created
                </dt>
                <dd>
                  13 January 2022 13:15
                </dd>
              </div>
            </dl>
          </article>
        </li>
      </ul>
      <div
        class="flex flexAlignCenter"
      >
        <div
          class="mr--e"
          data-qa-sel="number-of-results-on-page"
        >
          <label
            class="bold mr--c"
            for="itemsPerPage"
          >
            Items per page
          </label>
          <select
            data-qa-sel="result-on-the-page-index"
            id="itemsPerPage"
            name="itemsPerPage"
          >
            <option
              value="25"
            >
              25
            </option>
            <option
              value="50"
            >
              50
            </option>
            <option
              value="all"
            >
              All
            </option>
          </select>
        </div>
        <nav
          aria-label="Pagination"
          class="pagination "
          data-qa-sel="pagination-section"
          role="navigation"
        >
          <ol
            class="pagination__list"
          >
            <li
              aria-current="true"
              class="pagination__item pagination__item--current"
            >
              <span
                class="pagination__inactive"
              >
                <span
                  class="visually-hidden"
                >
                  Current page 
                </span>
                1
              </span>
            </li>
            <li
              class="pagination__item pagination__item--count"
            >
              <span>
                Page 
                <strong>
                  1
                </strong>
                 of 
                <strong>
                  1
                </strong>
              </span>
            </li>
          </ol>
        </nav>
      </div>
    </div>
  </div>
</div>
`;

exports[`should show error message when fetch organisations returns 401 error 1`] = `
<div>
  <nav
    aria-label="Breadcrumbs"
    role="navigation"
  >
    <ol
      class="breadcrumbs"
    >
      <li
        class="breadcrumbs__crumb"
      >
        <a
          href="/overview"
        >
          Administration
        </a>
      </li>
      <li
        class="breadcrumbs__crumb"
      >
        <span>
          Organisations
        </span>
      </li>
    </ol>
  </nav>
  <script
    type="application/ld+json"
  >
    {
  "@context": "http://schema.org",
  "@type": "BreadcrumbList",
  "itemListElement": [
    {
      "@type": "ListItem",
      "position": 1,
      "item": {
        "@id": "/overview",
        "name": "Administration"
      }
    },
    {
      "@type": "ListItem",
      "position": 2,
      "item": {
        "name": "Organisations"
      }
    }
  ]
}
  </script>
  <div
    class="page-header"
  >
    <h1
      class="page-header__heading "
    >
      Error
    </h1>
  </div>
  <div
    class="alert alert--error"
    role="alert"
  >
    <h2>
      Whoops
    </h2>
    <p>
      Sorry, there's been an error!
    </p>
  </div>
</div>
`;

exports[`should show error message when fetch organisations returns 500 error 1`] = `
<div>
  <nav
    aria-label="Breadcrumbs"
    role="navigation"
  >
    <ol
      class="breadcrumbs"
    >
      <li
        class="breadcrumbs__crumb"
      >
        <a
          href="/overview"
        >
          Administration
        </a>
      </li>
      <li
        class="breadcrumbs__crumb"
      >
        <span>
          Organisations
        </span>
      </li>
    </ol>
  </nav>
  <script
    type="application/ld+json"
  >
    {
  "@context": "http://schema.org",
  "@type": "BreadcrumbList",
  "itemListElement": [
    {
      "@type": "ListItem",
      "position": 1,
      "item": {
        "@id": "/overview",
        "name": "Administration"
      }
    },
    {
      "@type": "ListItem",
      "position": 2,
      "item": {
        "name": "Organisations"
      }
    }
  ]
}
  </script>
  <div
    class="page-header"
  >
    <h1
      class="page-header__heading "
    >
      Error
    </h1>
  </div>
  <div
    class="alert alert--error"
    role="alert"
  >
    <h2>
      Whoops
    </h2>
    <p>
      Sorry, there's been an error!
    </p>
  </div>
</div>
`;
