// Jest Snapshot v1, https://goo.gl/fbAQLP

exports[`OrganisationsList should match the snapshot after data has been loaded 1`] = `
Array [
  Array [
    <nav
      aria-label="Breadcrumbs"
      role="navigation"
    >
      <ol
        className="breadcrumbs"
      >
        <li
          className="breadcrumbs__crumb"
        >
          <a
            href="/overview"
            onClick={[Function]}
          >
            Administration
          </a>
        </li>
        <li
          className="breadcrumbs__crumb"
        >
          <span>
            Organisations
          </span>
        </li>
      </ol>
    </nav>,
    <script
      dangerouslySetInnerHTML={
        Object {
          "__html": "{
  \\"@context\\": \\"http://schema.org\\",
  \\"@type\\": \\"BreadcrumbList\\",
  \\"itemListElement\\": [
    {
      \\"@type\\": \\"ListItem\\",
      \\"position\\": 1,
      \\"item\\": {
        \\"@id\\": \\"/overview\\",
        \\"name\\": \\"Administration\\"
      }
    },
    {
      \\"@type\\": \\"ListItem\\",
      \\"position\\": 2,
      \\"item\\": {
        \\"name\\": \\"Organisations\\"
      }
    }
  ]
}",
        }
      }
      type="application/ld+json"
    />,
  ],
  <div
    className="page-header mb--d"
  >
    <h1
      className="page-header__heading"
    >
      Organisations
    </h1>
  </div>,
  <div
    className="grid"
  >
    <div
      data-g="12"
    >
      <a
        className="btn btn--cta mb--e"
        data-qa-sel="add-organisation"
        href="/organisations/add"
        onClick={[Function]}
      >
        Add organisation
      </a>
    </div>
    <div
      data-g="12 md:3"
    >
      <div
        className="panel"
      >
        <div
          className="input"
        >
          <label
            className="input__label"
            htmlFor="filter-search"
          >
            Filter by organisation name
          </label>
          <input
            autoComplete="off"
            className="input__input"
            data-qa-sel="filter-search-input"
            id="filter-search"
            name="filter-search"
            onChange={[Function]}
            type="search"
            unique="filterSearch"
          />
        </div>
      </div>
    </div>
    <div
      aria-busy={true}
      data-g="12 md:9"
    >
      <div
        className="text-right"
      >
        <ul
          className="list list--piped"
        >
          <li>
            <span
              className="pv--c pr--c"
            >
              A - Z
            </span>
          </li>
          <li>
            <a
              data-qa-sel="sort-alpha-desc"
              data-sort="alpha-desc"
              onClick={[Function]}
            >
              Z - A
            </a>
          </li>
          <li>
            <a
              data-qa-sel="sort-date-asc"
              data-sort="date-asc"
              onClick={[Function]}
            >
              Date ascending
            </a>
          </li>
          <li>
            <a
              data-qa-sel="sort-date-desc"
              data-sort="date-desc"
              onClick={[Function]}
            >
              Date descending
            </a>
          </li>
        </ul>
      </div>
      <h2
        className="organisationsListSummary"
        data-qa-sel="organisations-returned"
      >
        Showing 4 organisations
      </h2>
      <ul
        className="list--unstyled"
        data-qa-sel="list-of-organisations"
      >
        <li>
          <article
            className="card"
          >
            Array [
              <header
                className="card__header"
              >
                <p
                  className="card__heading"
                >
                  <a
                    href="/organisations/1001"
                    onClick={[Function]}
                  >
                    NICE
                  </a>
                </p>
              </header>,
              <dl
                className="card__metadata"
              >
                <div
                  className="card__metadatum"
                >
                  <dt
                    className="visually-hidden"
                  >
                    Date created
                  </dt>
                  <dd>
                    01-12-2021
                  </dd>
                </div>
              </dl>,
            ]
          </article>
        </li>
        <li>
          <article
            className="card"
          >
            Array [
              <header
                className="card__header"
              >
                <p
                  className="card__heading"
                >
                  <a
                    href="/organisations/1003"
                    onClick={[Function]}
                  >
                    Org 1
                  </a>
                </p>
              </header>,
              <dl
                className="card__metadata"
              >
                <div
                  className="card__metadatum"
                >
                  <dt
                    className="visually-hidden"
                  >
                    Date created
                  </dt>
                  <dd>
                    11-01-2022
                  </dd>
                </div>
              </dl>,
            ]
          </article>
        </li>
        <li>
          <article
            className="card"
          >
            Array [
              <header
                className="card__header"
              >
                <p
                  className="card__heading"
                >
                  <a
                    href="/organisations/1004"
                    onClick={[Function]}
                  >
                    Org 2
                  </a>
                </p>
              </header>,
              <dl
                className="card__metadata"
              >
                <div
                  className="card__metadatum"
                >
                  <dt
                    className="visually-hidden"
                  >
                    Date created
                  </dt>
                  <dd>
                    12-01-2022
                  </dd>
                </div>
              </dl>,
            ]
          </article>
        </li>
        <li>
          <article
            className="card"
          >
            Array [
              <header
                className="card__header"
              >
                <p
                  className="card__heading"
                >
                  <a
                    href="/organisations/1005"
                    onClick={[Function]}
                  >
                    Org 3
                  </a>
                </p>
              </header>,
              <dl
                className="card__metadata"
              >
                <div
                  className="card__metadatum"
                >
                  <dt
                    className="visually-hidden"
                  >
                    Date created
                  </dt>
                  <dd>
                    13-01-2022
                  </dd>
                </div>
              </dl>,
            ]
          </article>
        </li>
      </ul>
      <div
        className="flex flexAlignCenter"
      >
        <div
          className="mr--e"
          data-qa-sel="number-of-results-on-page"
        >
          <label
            className="bold mr--c"
            htmlFor="itemsPerPage"
          >
            Items per page
          </label>
          <select
            data-qa-sel="result-on-the-page-index"
            id="itemsPerPage"
            name="itemsPerPage"
            onChange={[Function]}
            value="all"
          >
            <option
              value="25"
            >
              25
            </option>
            <option
              value="50"
            >
              50
            </option>
            <option
              value="all"
            >
              All
            </option>
          </select>
        </div>
      </div>
    </div>
  </div>,
]
`;

exports[`OrganisationsList should show error message when fetch organisations returns 401 error 1`] = `
Array [
  Array [
    <nav
      aria-label="Breadcrumbs"
      role="navigation"
    >
      <ol
        className="breadcrumbs"
      >
        <li
          className="breadcrumbs__crumb"
        >
          <a
            href="/overview"
            onClick={[Function]}
          >
            Administration
          </a>
        </li>
        <li
          className="breadcrumbs__crumb"
        >
          <span>
            Organisations
          </span>
        </li>
      </ol>
    </nav>,
    <script
      dangerouslySetInnerHTML={
        Object {
          "__html": "{
  \\"@context\\": \\"http://schema.org\\",
  \\"@type\\": \\"BreadcrumbList\\",
  \\"itemListElement\\": [
    {
      \\"@type\\": \\"ListItem\\",
      \\"position\\": 1,
      \\"item\\": {
        \\"@id\\": \\"/overview\\",
        \\"name\\": \\"Administration\\"
      }
    },
    {
      \\"@type\\": \\"ListItem\\",
      \\"position\\": 2,
      \\"item\\": {
        \\"name\\": \\"Organisations\\"
      }
    }
  ]
}",
        }
      }
      type="application/ld+json"
    />,
  ],
  <div
    className="page-header mb--d"
  >
    <h1
      className="page-header__heading"
    >
      Organisations
    </h1>
  </div>,
  <div
    className="alert alert--error"
  >
    <h2>
      Whoops
    </h2>
    <p>
      Sorry, there's been an error!
    </p>
  </div>,
]
`;

exports[`OrganisationsList should show error message when fetch organisations returns 500 error 1`] = `
Array [
  Array [
    <nav
      aria-label="Breadcrumbs"
      role="navigation"
    >
      <ol
        className="breadcrumbs"
      >
        <li
          className="breadcrumbs__crumb"
        >
          <a
            href="/overview"
            onClick={[Function]}
          >
            Administration
          </a>
        </li>
        <li
          className="breadcrumbs__crumb"
        >
          <span>
            Organisations
          </span>
        </li>
      </ol>
    </nav>,
    <script
      dangerouslySetInnerHTML={
        Object {
          "__html": "{
  \\"@context\\": \\"http://schema.org\\",
  \\"@type\\": \\"BreadcrumbList\\",
  \\"itemListElement\\": [
    {
      \\"@type\\": \\"ListItem\\",
      \\"position\\": 1,
      \\"item\\": {
        \\"@id\\": \\"/overview\\",
        \\"name\\": \\"Administration\\"
      }
    },
    {
      \\"@type\\": \\"ListItem\\",
      \\"position\\": 2,
      \\"item\\": {
        \\"name\\": \\"Organisations\\"
      }
    }
  ]
}",
        }
      }
      type="application/ld+json"
    />,
  ],
  <div
    className="page-header mb--d"
  >
    <h1
      className="page-header__heading"
    >
      Organisations
    </h1>
  </div>,
  <div
    className="alert alert--error"
  >
    <h2>
      Whoops
    </h2>
    <p>
      Sorry, there's been an error!
    </p>
  </div>,
]
`;
