// Jest Snapshot v1, https://goo.gl/fbAQLP

exports[`FilterSearch should match the snapshot when querystring search has a value 1`] = `
<div
  className="panel"
>
  <div
    className="input"
  >
    <label
      className="input__label"
      htmlFor="filter-search"
    >
      Filter by organisation name
    </label>
    <input
      autoComplete="off"
      className="input__input"
      data-qa-sel="filter-search-input"
      defaultValue="SomeText"
      id="filter-search"
      name="filter-search"
      onChange={[Function]}
      type="search"
      unique="filterSearch"
    />
  </div>
</div>
`;
