// Jest Snapshot v1, https://goo.gl/fbAQLP

exports[`should match the snapshot after data has been loaded 1`] = `
Array [
  Array [
    <nav
      aria-label="Breadcrumbs"
      role="navigation"
    >
      <ol
        className="breadcrumbs"
      >
        <li
          className="breadcrumbs__crumb"
        >
          <a
            href="/"
            onClick={[Function]}
          >
            Home
          </a>
        </li>
        <li
          className="breadcrumbs__crumb"
        >
          <a
            href="/users"
            onClick={[Function]}
          >
            Users
          </a>
        </li>
      </ol>
    </nav>,
    <script
      dangerouslySetInnerHTML={
        Object {
          "__html": "{
  \\"@context\\": \\"http://schema.org\\",
  \\"@type\\": \\"BreadcrumbList\\",
  \\"itemListElement\\": [
    {
      \\"@type\\": \\"ListItem\\",
      \\"position\\": 1,
      \\"item\\": {
        \\"@id\\": \\"/\\",
        \\"name\\": \\"Home\\"
      }
    },
    {
      \\"@type\\": \\"ListItem\\",
      \\"position\\": 2,
      \\"item\\": {
        \\"@id\\": \\"/users\\",
        \\"name\\": \\"Users\\"
      }
    }
  ]
}",
        }
      }
      type="application/ld+json"
    />,
  ],
  <div
    className="page-header"
    id="content-start"
  >
    <h1
      className="page-header__heading"
    >
      User details
    </h1>
  </div>,
  <div
    className="grid"
  >
    <div
      aria-busy={false}
      data-g="12 md:9"
    >
      <div
        className="panel"
      >
        <span
          className="tag"
        >
          Active
        </span>
        <p>
          User: 
           
        </p>
        <button
          className="btn"
          disabled={false}
          onClick={[Function]}
          type="button"
        >
          Lock user
        </button>
        <a
          href="/users/undefined/delete"
          onClick={[Function]}
        >
          Delete user
        </a>
      </div>
    </div>
  </div>,
]
`;
