// Jest Snapshot v1, https://goo.gl/fbAQLP

exports[`ResultsList should match the snapshot when ResultOrganisation has been passed into elementType 1`] = `
<ul
  className="list--unstyled"
  data-qa-sel="list-of-organisations"
>
  <li>
    <article
      className="card"
    >
      Array [
        <header
          className="card__header"
        >
          <p
            className="card__heading"
          >
            <a
              href="/organisations/1001"
              onClick={[Function]}
            >
              NICE
            </a>
          </p>
        </header>,
        <dl
          className="card__metadata"
        >
          <div
            className="card__metadatum"
          >
            <dt
              className="visually-hidden"
            >
              Date created
            </dt>
            <dd>
              1 December 2021 00:00
            </dd>
          </div>
        </dl>,
      ]
    </article>
  </li>
  <li>
    <article
      className="card"
    >
      Array [
        <header
          className="card__header"
        >
          <p
            className="card__heading"
          >
            <a
              href="/organisations/1003"
              onClick={[Function]}
            >
              Org 1
            </a>
          </p>
        </header>,
        <dl
          className="card__metadata"
        >
          <div
            className="card__metadatum"
          >
            <dt
              className="visually-hidden"
            >
              Date created
            </dt>
            <dd>
              11 January 2022 13:13
            </dd>
          </div>
        </dl>,
      ]
    </article>
  </li>
  <li>
    <article
      className="card"
    >
      Array [
        <header
          className="card__header"
        >
          <p
            className="card__heading"
          >
            <a
              href="/organisations/1004"
              onClick={[Function]}
            >
              Org 2
            </a>
          </p>
        </header>,
        <dl
          className="card__metadata"
        >
          <div
            className="card__metadatum"
          >
            <dt
              className="visually-hidden"
            >
              Date created
            </dt>
            <dd>
              12 January 2022 13:14
            </dd>
          </div>
        </dl>,
      ]
    </article>
  </li>
  <li>
    <article
      className="card"
    >
      Array [
        <header
          className="card__header"
        >
          <p
            className="card__heading"
          >
            <a
              href="/organisations/1005"
              onClick={[Function]}
            >
              Org 3
            </a>
          </p>
        </header>,
        <dl
          className="card__metadata"
        >
          <div
            className="card__metadatum"
          >
            <dt
              className="visually-hidden"
            >
              Date created
            </dt>
            <dd>
              13 January 2022 13:15
            </dd>
          </div>
        </dl>,
      ]
    </article>
  </li>
  <li>
    <article
      className="card"
    >
      Array [
        <header
          className="card__header"
        >
          <p
            className="card__heading"
          >
            <a
              href="/organisations/1006"
              onClick={[Function]}
            >
              Org 4
            </a>
          </p>
        </header>,
        <dl
          className="card__metadata"
        >
          <div
            className="card__metadatum"
          >
            <dt
              className="visually-hidden"
            >
              Date created
            </dt>
            <dd>
              1 December 2021 00:00
            </dd>
          </div>
        </dl>,
      ]
    </article>
  </li>
  <li>
    <article
      className="card"
    >
      Array [
        <header
          className="card__header"
        >
          <p
            className="card__heading"
          >
            <a
              href="/organisations/1007"
              onClick={[Function]}
            >
              Org 5
            </a>
          </p>
        </header>,
        <dl
          className="card__metadata"
        >
          <div
            className="card__metadatum"
          >
            <dt
              className="visually-hidden"
            >
              Date created
            </dt>
            <dd>
              11 January 2022 13:13
            </dd>
          </div>
        </dl>,
      ]
    </article>
  </li>
  <li>
    <article
      className="card"
    >
      Array [
        <header
          className="card__header"
        >
          <p
            className="card__heading"
          >
            <a
              href="/organisations/1008"
              onClick={[Function]}
            >
              Org 6
            </a>
          </p>
        </header>,
        <dl
          className="card__metadata"
        >
          <div
            className="card__metadatum"
          >
            <dt
              className="visually-hidden"
            >
              Date created
            </dt>
            <dd>
              12 January 2022 13:14
            </dd>
          </div>
        </dl>,
      ]
    </article>
  </li>
  <li>
    <article
      className="card"
    >
      Array [
        <header
          className="card__header"
        >
          <p
            className="card__heading"
          >
            <a
              href="/organisations/1009"
              onClick={[Function]}
            >
              Org 7
            </a>
          </p>
        </header>,
        <dl
          className="card__metadata"
        >
          <div
            className="card__metadatum"
          >
            <dt
              className="visually-hidden"
            >
              Date created
            </dt>
            <dd>
              13 January 2022 13:15
            </dd>
          </div>
        </dl>,
      ]
    </article>
  </li>
  <li>
    <article
      className="card"
    >
      Array [
        <header
          className="card__header"
        >
          <p
            className="card__heading"
          >
            <a
              href="/organisations/1010"
              onClick={[Function]}
            >
              Org 8
            </a>
          </p>
        </header>,
        <dl
          className="card__metadata"
        >
          <div
            className="card__metadatum"
          >
            <dt
              className="visually-hidden"
            >
              Date created
            </dt>
            <dd>
              1 December 2021 00:00
            </dd>
          </div>
        </dl>,
      ]
    </article>
  </li>
  <li>
    <article
      className="card"
    >
      Array [
        <header
          className="card__header"
        >
          <p
            className="card__heading"
          >
            <a
              href="/organisations/1011"
              onClick={[Function]}
            >
              Org 9
            </a>
          </p>
        </header>,
        <dl
          className="card__metadata"
        >
          <div
            className="card__metadatum"
          >
            <dt
              className="visually-hidden"
            >
              Date created
            </dt>
            <dd>
              11 January 2022 13:13
            </dd>
          </div>
        </dl>,
      ]
    </article>
  </li>
  <li>
    <article
      className="card"
    >
      Array [
        <header
          className="card__header"
        >
          <p
            className="card__heading"
          >
            <a
              href="/organisations/1012"
              onClick={[Function]}
            >
              Org 10
            </a>
          </p>
        </header>,
        <dl
          className="card__metadata"
        >
          <div
            className="card__metadatum"
          >
            <dt
              className="visually-hidden"
            >
              Date created
            </dt>
            <dd>
              12 January 2022 13:14
            </dd>
          </div>
        </dl>,
      ]
    </article>
  </li>
  <li>
    <article
      className="card"
    >
      Array [
        <header
          className="card__header"
        >
          <p
            className="card__heading"
          >
            <a
              href="/organisations/1013"
              onClick={[Function]}
            >
              Org 11
            </a>
          </p>
        </header>,
        <dl
          className="card__metadata"
        >
          <div
            className="card__metadatum"
          >
            <dt
              className="visually-hidden"
            >
              Date created
            </dt>
            <dd>
              13 January 2022 13:15
            </dd>
          </div>
        </dl>,
      ]
    </article>
  </li>
  <li>
    <article
      className="card"
    >
      Array [
        <header
          className="card__header"
        >
          <p
            className="card__heading"
          >
            <a
              href="/organisations/1014"
              onClick={[Function]}
            >
              Org 12
            </a>
          </p>
        </header>,
        <dl
          className="card__metadata"
        >
          <div
            className="card__metadatum"
          >
            <dt
              className="visually-hidden"
            >
              Date created
            </dt>
            <dd>
              1 December 2021 00:00
            </dd>
          </div>
        </dl>,
      ]
    </article>
  </li>
  <li>
    <article
      className="card"
    >
      Array [
        <header
          className="card__header"
        >
          <p
            className="card__heading"
          >
            <a
              href="/organisations/1015"
              onClick={[Function]}
            >
              Org 13
            </a>
          </p>
        </header>,
        <dl
          className="card__metadata"
        >
          <div
            className="card__metadatum"
          >
            <dt
              className="visually-hidden"
            >
              Date created
            </dt>
            <dd>
              11 January 2022 13:13
            </dd>
          </div>
        </dl>,
      ]
    </article>
  </li>
  <li>
    <article
      className="card"
    >
      Array [
        <header
          className="card__header"
        >
          <p
            className="card__heading"
          >
            <a
              href="/organisations/1016"
              onClick={[Function]}
            >
              Org 14
            </a>
          </p>
        </header>,
        <dl
          className="card__metadata"
        >
          <div
            className="card__metadatum"
          >
            <dt
              className="visually-hidden"
            >
              Date created
            </dt>
            <dd>
              12 January 2022 13:14
            </dd>
          </div>
        </dl>,
      ]
    </article>
  </li>
  <li>
    <article
      className="card"
    >
      Array [
        <header
          className="card__header"
        >
          <p
            className="card__heading"
          >
            <a
              href="/organisations/1017"
              onClick={[Function]}
            >
              Org 15
            </a>
          </p>
        </header>,
        <dl
          className="card__metadata"
        >
          <div
            className="card__metadatum"
          >
            <dt
              className="visually-hidden"
            >
              Date created
            </dt>
            <dd>
              13 January 2022 13:15
            </dd>
          </div>
        </dl>,
      ]
    </article>
  </li>
  <li>
    <article
      className="card"
    >
      Array [
        <header
          className="card__header"
        >
          <p
            className="card__heading"
          >
            <a
              href="/organisations/1018"
              onClick={[Function]}
            >
              Org 16
            </a>
          </p>
        </header>,
        <dl
          className="card__metadata"
        >
          <div
            className="card__metadatum"
          >
            <dt
              className="visually-hidden"
            >
              Date created
            </dt>
            <dd>
              1 December 2021 00:00
            </dd>
          </div>
        </dl>,
      ]
    </article>
  </li>
  <li>
    <article
      className="card"
    >
      Array [
        <header
          className="card__header"
        >
          <p
            className="card__heading"
          >
            <a
              href="/organisations/1019"
              onClick={[Function]}
            >
              Org 17
            </a>
          </p>
        </header>,
        <dl
          className="card__metadata"
        >
          <div
            className="card__metadatum"
          >
            <dt
              className="visually-hidden"
            >
              Date created
            </dt>
            <dd>
              11 January 2022 13:13
            </dd>
          </div>
        </dl>,
      ]
    </article>
  </li>
  <li>
    <article
      className="card"
    >
      Array [
        <header
          className="card__header"
        >
          <p
            className="card__heading"
          >
            <a
              href="/organisations/1020"
              onClick={[Function]}
            >
              Org 18
            </a>
          </p>
        </header>,
        <dl
          className="card__metadata"
        >
          <div
            className="card__metadatum"
          >
            <dt
              className="visually-hidden"
            >
              Date created
            </dt>
            <dd>
              12 January 2022 13:14
            </dd>
          </div>
        </dl>,
      ]
    </article>
  </li>
  <li>
    <article
      className="card"
    >
      Array [
        <header
          className="card__header"
        >
          <p
            className="card__heading"
          >
            <a
              href="/organisations/1021"
              onClick={[Function]}
            >
              Org 19
            </a>
          </p>
        </header>,
        <dl
          className="card__metadata"
        >
          <div
            className="card__metadatum"
          >
            <dt
              className="visually-hidden"
            >
              Date created
            </dt>
            <dd>
              13 January 2022 13:15
            </dd>
          </div>
        </dl>,
      ]
    </article>
  </li>
  <li>
    <article
      className="card"
    >
      Array [
        <header
          className="card__header"
        >
          <p
            className="card__heading"
          >
            <a
              href="/organisations/1022"
              onClick={[Function]}
            >
              Org 20
            </a>
          </p>
        </header>,
        <dl
          className="card__metadata"
        >
          <div
            className="card__metadatum"
          >
            <dt
              className="visually-hidden"
            >
              Date created
            </dt>
            <dd>
              1 December 2021 00:00
            </dd>
          </div>
        </dl>,
      ]
    </article>
  </li>
  <li>
    <article
      className="card"
    >
      Array [
        <header
          className="card__header"
        >
          <p
            className="card__heading"
          >
            <a
              href="/organisations/1023"
              onClick={[Function]}
            >
              Org 21
            </a>
          </p>
        </header>,
        <dl
          className="card__metadata"
        >
          <div
            className="card__metadatum"
          >
            <dt
              className="visually-hidden"
            >
              Date created
            </dt>
            <dd>
              11 January 2022 13:13
            </dd>
          </div>
        </dl>,
      ]
    </article>
  </li>
  <li>
    <article
      className="card"
    >
      Array [
        <header
          className="card__header"
        >
          <p
            className="card__heading"
          >
            <a
              href="/organisations/1024"
              onClick={[Function]}
            >
              Org 22
            </a>
          </p>
        </header>,
        <dl
          className="card__metadata"
        >
          <div
            className="card__metadatum"
          >
            <dt
              className="visually-hidden"
            >
              Date created
            </dt>
            <dd>
              12 January 2022 13:14
            </dd>
          </div>
        </dl>,
      ]
    </article>
  </li>
  <li>
    <article
      className="card"
    >
      Array [
        <header
          className="card__header"
        >
          <p
            className="card__heading"
          >
            <a
              href="/organisations/1025"
              onClick={[Function]}
            >
              Org 23
            </a>
          </p>
        </header>,
        <dl
          className="card__metadata"
        >
          <div
            className="card__metadatum"
          >
            <dt
              className="visually-hidden"
            >
              Date created
            </dt>
            <dd>
              13 January 2022 13:15
            </dd>
          </div>
        </dl>,
      ]
    </article>
  </li>
  <li>
    <article
      className="card"
    >
      Array [
        <header
          className="card__header"
        >
          <p
            className="card__heading"
          >
            <a
              href="/organisations/1026"
              onClick={[Function]}
            >
              Org 24
            </a>
          </p>
        </header>,
        <dl
          className="card__metadata"
        >
          <div
            className="card__metadatum"
          >
            <dt
              className="visually-hidden"
            >
              Date created
            </dt>
            <dd>
              1 December 2021 00:00
            </dd>
          </div>
        </dl>,
      ]
    </article>
  </li>
  <li>
    <article
      className="card"
    >
      Array [
        <header
          className="card__header"
        >
          <p
            className="card__heading"
          >
            <a
              href="/organisations/1027"
              onClick={[Function]}
            >
              Org 25
            </a>
          </p>
        </header>,
        <dl
          className="card__metadata"
        >
          <div
            className="card__metadatum"
          >
            <dt
              className="visually-hidden"
            >
              Date created
            </dt>
            <dd>
              11 January 2022 13:13
            </dd>
          </div>
        </dl>,
      ]
    </article>
  </li>
  <li>
    <article
      className="card"
    >
      Array [
        <header
          className="card__header"
        >
          <p
            className="card__heading"
          >
            <a
              href="/organisations/1028"
              onClick={[Function]}
            >
              Org 26
            </a>
          </p>
        </header>,
        <dl
          className="card__metadata"
        >
          <div
            className="card__metadatum"
          >
            <dt
              className="visually-hidden"
            >
              Date created
            </dt>
            <dd>
              12 January 2022 13:14
            </dd>
          </div>
        </dl>,
      ]
    </article>
  </li>
  <li>
    <article
      className="card"
    >
      Array [
        <header
          className="card__header"
        >
          <p
            className="card__heading"
          >
            <a
              href="/organisations/1029"
              onClick={[Function]}
            >
              Org 27
            </a>
          </p>
        </header>,
        <dl
          className="card__metadata"
        >
          <div
            className="card__metadatum"
          >
            <dt
              className="visually-hidden"
            >
              Date created
            </dt>
            <dd>
              13 January 2022 13:15
            </dd>
          </div>
        </dl>,
      ]
    </article>
  </li>
  <li>
    <article
      className="card"
    >
      Array [
        <header
          className="card__header"
        >
          <p
            className="card__heading"
          >
            <a
              href="/organisations/1030"
              onClick={[Function]}
            >
              Org 28
            </a>
          </p>
        </header>,
        <dl
          className="card__metadata"
        >
          <div
            className="card__metadatum"
          >
            <dt
              className="visually-hidden"
            >
              Date created
            </dt>
            <dd>
              1 December 2021 00:00
            </dd>
          </div>
        </dl>,
      ]
    </article>
  </li>
  <li>
    <article
      className="card"
    >
      Array [
        <header
          className="card__header"
        >
          <p
            className="card__heading"
          >
            <a
              href="/organisations/1031"
              onClick={[Function]}
            >
              Org 29
            </a>
          </p>
        </header>,
        <dl
          className="card__metadata"
        >
          <div
            className="card__metadatum"
          >
            <dt
              className="visually-hidden"
            >
              Date created
            </dt>
            <dd>
              11 January 2022 13:13
            </dd>
          </div>
        </dl>,
      ]
    </article>
  </li>
  <li>
    <article
      className="card"
    >
      Array [
        <header
          className="card__header"
        >
          <p
            className="card__heading"
          >
            <a
              href="/organisations/1032"
              onClick={[Function]}
            >
              Org 30
            </a>
          </p>
        </header>,
        <dl
          className="card__metadata"
        >
          <div
            className="card__metadatum"
          >
            <dt
              className="visually-hidden"
            >
              Date created
            </dt>
            <dd>
              12 January 2022 13:14
            </dd>
          </div>
        </dl>,
      ]
    </article>
  </li>
  <li>
    <article
      className="card"
    >
      Array [
        <header
          className="card__header"
        >
          <p
            className="card__heading"
          >
            <a
              href="/organisations/1033"
              onClick={[Function]}
            >
              Org 31
            </a>
          </p>
        </header>,
        <dl
          className="card__metadata"
        >
          <div
            className="card__metadatum"
          >
            <dt
              className="visually-hidden"
            >
              Date created
            </dt>
            <dd>
              13 January 2022 13:15
            </dd>
          </div>
        </dl>,
      ]
    </article>
  </li>
</ul>
`;
