// Jest Snapshot v1, https://goo.gl/fbAQLP

exports[`should match the snapshot when querystring amount is all 1`] = `
<div>
  <div
    class="mr--e"
    data-qa-sel="number-of-results-on-page"
  >
    <label
      class="bold mr--c"
      for="itemsPerPage"
    >
      Items per page
    </label>
    <select
      data-qa-sel="result-on-the-page-index"
      id="itemsPerPage"
      name="itemsPerPage"
    >
      <option
        value="25"
      >
        25
      </option>
      <option
        value="50"
      >
        50
      </option>
      <option
        value="all"
      >
        All
      </option>
    </select>
  </div>
</div>
`;
