// Jest Snapshot v1, https://goo.gl/fbAQLP

exports[`SelectRoles should match the snapshot after data has been loaded 1`] = `
<Fragment>
  <Breadcrumbs>
    <Breadcrumb
      elementType={
        Object {
          "$$typeof": Symbol(react.forward_ref),
          "propTypes": Object {
            "innerRef": [Function],
            "onClick": [Function],
            "replace": [Function],
            "target": [Function],
            "to": [Function],
          },
          "render": [Function],
        }
      }
      to="/users"
    >
      Users
    </Breadcrumb>
    <Breadcrumb
      elementType={
        Object {
          "$$typeof": Symbol(react.forward_ref),
          "propTypes": Object {
            "innerRef": [Function],
            "onClick": [Function],
            "replace": [Function],
            "target": [Function],
            "to": [Function],
          },
          "render": [Function],
        }
      }
      to="/users/1"
    >
      Kristin Patrick
    </Breadcrumb>
    <Breadcrumb
      elementType={
        Object {
          "$$typeof": Symbol(react.forward_ref),
          "propTypes": Object {
            "innerRef": [Function],
            "onClick": [Function],
            "replace": [Function],
            "target": [Function],
            "to": [Function],
          },
          "render": [Function],
        }
      }
      to="/users/1/services"
    >
      Select service
    </Breadcrumb>
    <Breadcrumb
      elementType={
        Object {
          "$$typeof": Symbol(react.forward_ref),
          "propTypes": Object {
            "innerRef": [Function],
            "onClick": [Function],
            "replace": [Function],
            "target": [Function],
            "to": [Function],
          },
          "render": [Function],
        }
      }
      to="/users/1/services/1/environments"
    >
      Select environment
    </Breadcrumb>
    <Breadcrumb>
      Select role
    </Breadcrumb>
  </Breadcrumbs>
  <PageHeader
    heading="EPPI Reviewer (dev)"
    preheading="Select roles for"
  />
  <Grid
    elementType="div"
    equalHeight={false}
    gutter="standard"
    horizontalAlignment="left"
    reverse={false}
    verticalAlignment="top"
  >
    <GridItem
      cols={12}
      md={9}
    >
      <form
        onSubmit={[Function]}
      >
        <ToggleCheckbox
          description="Description for Product contributor"
          id={991}
          isDisabled={false}
          isSelected={true}
          name="Product contributor"
          onCheckboxChange={[Function]}
        />
        <ToggleCheckbox
          description="Description for Product manager"
          id={992}
          isDisabled={false}
          isSelected={true}
          name="Product manager"
          onCheckboxChange={[Function]}
        />
        <ToggleCheckbox
          description="Description for Product administrator"
          id={993}
          isDisabled={false}
          isSelected={true}
          name="Product administrator"
          onCheckboxChange={[Function]}
        />
        <ToggleCheckbox
          description="Description for Product editor"
          id={994}
          isDisabled={false}
          isSelected={false}
          name="Product editor"
          onCheckboxChange={[Function]}
        />
        <Button
          buttonType="submit"
          className="mt--d"
          disabled={false}
        >
          Save
        </Button>
      </form>
    </GridItem>
  </Grid>
</Fragment>
`;
