// Jest Snapshot v1, https://goo.gl/fbAQLP

exports[`shows login sceren if logged out 1`] = `
<h1>
  you need to log in!
</h1>
`;

exports[`shows secret data if logged in 1`] = `
<div
  className="App"
>
  <button
    onClick={[Function]}
  />
  <header>
    <img
      alt="logo"
      src="logo.svg"
    />
    <h1>
      Hello
    </h1>
    <h2>
      There
    </h2>
    <p>
      This is a 
      <Tag
        alpha={true}
      >
        tag
      </Tag>
       right here.
      <Tag
        flush={true}
        outline={true}
      >
        Things!
      </Tag>
      <span>
        <Tag
          flush={true}
        >
          Hello!
        </Tag>
      </span>
    </p>
  </header>
</div>
`;
